
> my-app@0.1.0 build C:\Users\rupes\Downloads\companion-ai-main
> next build

   Γû▓ Next.js 14.1.3
   - Environments: .env

   Creating an optimized production build ...
node.exe : Compiler 
edge-server unexpectedly 
exited with code: null and 
signal: SIGTERM
At C:\Users\rupes\AppData\Roa
ming\npm\pnpm.ps1:24 char:5
+     & "node$exe"  "$basedir
/node_modules/pnpm/bin/pnpm.c
js" $args
+     ~~~~~~~~~~~~~~~~~~~~~~~
~~~~~~~~~~~~~~~~~~~~~~~~~~~~~
~~~~~~~~~
    + CategoryInfo           
   : NotSpecified: (Compile  
  r edge-s...signal: SIGTE   
 RM:String) [], RemoteExc    
eption
    + FullyQualifiedErrorId  
   : NativeCommandError
 
Browserslist: browsers data 
(caniuse-lite) is 9 months 
old. Please run:
  npx 
update-browserslist-db@latest
  Why you should do it 
regularly: https://github.com
/browserslist/update-db#readm
e
 Γ£ô Compiled successfully
   Linting and checking validity of types ...
Failed to compile.

./src/components/FileUploader
.tsx:79:17
Type error: Type '(e: React.D
ragEvent<HTMLDivElement>) => 
void' is not assignable to 
type 'DragEventHandler<HTMLLa
belElement>'.
  Types of parameters 'e' 
and 'event' are incompatible.
    Type 'DragEvent<HTMLLabel
Element>' is not assignable 
to type 
'DragEvent<HTMLDivElement>'.
      Property 'align' is 
missing in type 
'HTMLLabelElement' but 
required in type 
'HTMLDivElement'.

[0m [90m 77 |[39m         
    [33m<[39m[33mlabel[39
m[0m
[0m [90m 78 |[39m         
        
onDragOver[33m=[39m{(e) 
[33m=>[39m e[33m.[39mprev
entDefault()}[0m
[0m[31m[1m>[22m[39m[90m
 79 |[39m                 on
Drop[33m=[39m{handleDrop}[
0m
[0m [90m    |[39m         
        
[31m[1m^[22m[39m[0m
[0m [90m 80 |[39m         
        className[33m=[39m
[32m"flex flex-col 
items-center justify-center 
w-full p-8 border-2 
border-dashed 
border-neutral-300 
rounded-lg cursor-pointer 
hover:bg-neutral-100/5 
transition-colors"[39m[0m
[0m [90m 81 |[39m         
    [33m>[39m[0m
[0m [90m 82 |[39m         
        
[33m<[39m[33mdiv[39m clas
sName[33m=[39m[32m"flex 
flex-col items-center 
justify-center pt-5 
pb-6"[39m[33m>[39m[0m
ΓÇëELIFECYCLEΓÇë Command failed with exit code 1.
